This is pdfTeX, Version 3.141592653-2.6-1.40.22 (TeX Live 2022/dev/Debian) (preloaded format=pdflatex 2026.4.11)  3 JUN 2026 20:12
entering extended mode
 restricted \write18 enabled.
 file:line:error style messages enabled.
 %&-line parsing enabled.
**artigo.tex
(./artigo.tex
LaTeX2e <2021-11-15> patch level 1
L3 programming layer <2022-01-21>
(/usr/share/texlive/texmf-dist/tex/latex/base/article.cls
Document Class: article 2021/10/04 v1.4n Standard LaTeX document class
(/usr/share/texlive/texmf-dist/tex/latex/base/size12.clo
File: size12.clo 2021/10/04 v1.4n Standard LaTeX file (size option)
)
\c@part=\count185
\c@section=\count186
\c@subsection=\count187
\c@subsubsection=\count188
\c@paragraph=\count189
\c@subparagraph=\count190
\c@figure=\count191
\c@table=\count192
\abovecaptionskip=\skip47
\belowcaptionskip=\skip48
\bibindent=\dimen138
)
(/usr/share/texlive/texmf-dist/tex/latex/base/inputenc.sty
Package: inputenc 2021/02/14 v1.3d Input encoding file
\inpenc@prehook=\toks16
\inpenc@posthook=\toks17
)
(/usr/share/texlive/texmf-dist/tex/latex/base/fontenc.sty
Package: fontenc 2021/04/29 v2.0v Standard LaTeX package
)
(/usr/share/texlive/texmf-dist/tex/generic/babel/babel.sty
Package: babel 2022/01/26 3.70 The Babel package
\babel@savecnt=\count193
\U@D=\dimen139
\l@unhyphenated=\language3

(/usr/share/texlive/texmf-dist/tex/generic/babel/txtbabel.def)
\bbl@readstream=\read2
\bbl@dirlevel=\count194


/usr/share/texlive/texmf-dist/tex/generic/babel/babel.sty:4254: Package babel E
rror: Unknown option 'brazil'. Either you misspelled it
(babel)                or the language definition file brazil.ldf was not found
.

See the babel package documentation for explanation.
Type  H <return>  for immediate help.
 ...                                              
                                                  
l.4254 \ProcessOptions*
                       
Valid options are, among others: shorthands=, KeepShorthandsActive,
activeacute, activegrave, noconfigs, safe=, main=, math=
headfoot=, strings=, config=, hyphenmap=, or a language name.

Package babel Info: You haven't specified a language. I'll use 'nil'
(babel)             as the main language. Reported on input line 4299.
(/usr/share/texlive/texmf-dist/tex/generic/babel/nil.ldf
Language: nil 2022/01/26 3.70 Nil language
\l@nil=\language4
))
(/usr/share/texlive/texmf-dist/tex/latex/geometry/geometry.sty
Package: geometry 2020/01/02 v5.9 Page Geometry

(/usr/share/texlive/texmf-dist/tex/latex/graphics/keyval.sty
Package: keyval 2014/10/28 v1.15 key=value parser (DPC)
\KV@toks@=\toks18
)
(/usr/share/texlive/texmf-dist/tex/generic/iftex/ifvtex.sty
Package: ifvtex 2019/10/25 v1.7 ifvtex legacy package. Use iftex instead.

(/usr/share/texlive/texmf-dist/tex/generic/iftex/iftex.sty
Package: iftex 2020/03/06 v1.0d TeX engine tests
))
\Gm@cnth=\count195
\Gm@cntv=\count196
\c@Gm@tempcnt=\count197
\Gm@bindingoffset=\dimen140
\Gm@wd@mp=\dimen141
\Gm@odd@mp=\dimen142
\Gm@even@mp=\dimen143
\Gm@layoutwidth=\dimen144
\Gm@layoutheight=\dimen145
\Gm@layouthoffset=\dimen146
\Gm@layoutvoffset=\dimen147
\Gm@dimlist=\toks19
)
(/usr/share/texlive/texmf-dist/tex/latex/graphics/graphicx.sty
Package: graphicx 2021/09/16 v1.2d Enhanced LaTeX Graphics (DPC,SPQR)

(/usr/share/texlive/texmf-dist/tex/latex/graphics/graphics.sty
Package: graphics 2021/03/04 v1.4d Standard LaTeX Graphics (DPC,SPQR)

(/usr/share/texlive/texmf-dist/tex/latex/graphics/trig.sty
Package: trig 2021/08/11 v1.11 sin cos tan (DPC)
)
(/usr/share/texlive/texmf-dist/tex/latex/graphics-cfg/graphics.cfg
File: graphics.cfg 2016/06/04 v1.11 sample graphics configuration
)
Package graphics Info: Driver file: pdftex.def on input line 107.

(/usr/share/texlive/texmf-dist/tex/latex/graphics-def/pdftex.def
File: pdftex.def 2020/10/05 v1.2a Graphics/color driver for pdftex
))
\Gin@req@height=\dimen148
\Gin@req@width=\dimen149
)
(/usr/share/texlive/texmf-dist/tex/latex/amsmath/amsmath.sty
Package: amsmath 2021/10/15 v2.17l AMS math features
\@mathmargin=\skip49

For additional information on amsmath, use the `?' option.
(/usr/share/texlive/texmf-dist/tex/latex/amsmath/amstext.sty
Package: amstext 2021/08/26 v2.01 AMS text

(/usr/share/texlive/texmf-dist/tex/latex/amsmath/amsgen.sty
File: amsgen.sty 1999/11/30 v2.0 generic functions
\@emptytoks=\toks20
\ex@=\dimen150
))
(/usr/share/texlive/texmf-dist/tex/latex/amsmath/amsbsy.sty
Package: amsbsy 1999/11/29 v1.2d Bold Symbols
\pmbraise@=\dimen151
)
(/usr/share/texlive/texmf-dist/tex/latex/amsmath/amsopn.sty
Package: amsopn 2021/08/26 v2.02 operator names
)
\inf@bad=\count198
LaTeX Info: Redefining \frac on input line 234.
\uproot@=\count199
\leftroot@=\count266
LaTeX Info: Redefining \overline on input line 399.
\classnum@=\count267
\DOTSCASE@=\count268
LaTeX Info: Redefining \ldots on input line 496.
LaTeX Info: Redefining \dots on input line 499.
LaTeX Info: Redefining \cdots on input line 620.
\Mathstrutbox@=\box50
\strutbox@=\box51
\big@size=\dimen152
LaTeX Font Info:    Redeclaring font encoding OML on input line 743.
LaTeX Font Info:    Redeclaring font encoding OMS on input line 744.
\macc@depth=\count269
\c@MaxMatrixCols=\count270
\dotsspace@=\muskip16
\c@parentequation=\count271
\dspbrk@lvl=\count272
\tag@help=\toks21
\row@=\count273
\column@=\count274
\maxfields@=\count275
\andhelp@=\toks22
\eqnshift@=\dimen153
\alignsep@=\dimen154
\tagshift@=\dimen155
\tagwidth@=\dimen156
\totwidth@=\dimen157
\lineht@=\dimen158
\@envbody=\toks23
\multlinegap=\skip50
\multlinetaggap=\skip51
\mathdisplay@stack=\toks24
LaTeX Info: Redefining \[ on input line 2938.
LaTeX Info: Redefining \] on input line 2939.
)
(/usr/share/texlive/texmf-dist/tex/latex/booktabs/booktabs.sty
Package: booktabs 2020/01/12 v1.61803398 Publication quality tables
\heavyrulewidth=\dimen159
\lightrulewidth=\dimen160
\cmidrulewidth=\dimen161
\belowrulesep=\dimen162
\belowbottomsep=\dimen163
\aboverulesep=\dimen164
\abovetopsep=\dimen165
\cmidrulesep=\dimen166
\cmidrulekern=\dimen167
\defaultaddspace=\dimen168
\@cmidla=\count276
\@cmidlb=\count277
\@aboverulesep=\dimen169
\@belowrulesep=\dimen170
\@thisruleclass=\count278
\@lastruleclass=\count279
\@thisrulewidth=\dimen171
)
(/usr/share/texlive/texmf-dist/tex/latex/hyperref/hyperref.sty
Package: hyperref 2021-06-07 v7.00m Hypertext links for LaTeX

(/usr/share/texlive/texmf-dist/tex/generic/ltxcmds/ltxcmds.sty
Package: ltxcmds 2020-05-10 v1.25 LaTeX kernel commands for general use (HO)
)
(/usr/share/texlive/texmf-dist/tex/generic/pdftexcmds/pdftexcmds.sty
Package: pdftexcmds 2020-06-27 v0.33 Utility functions of pdfTeX for LuaTeX (HO
)

(/usr/share/texlive/texmf-dist/tex/generic/infwarerr/infwarerr.sty
Package: infwarerr 2019/12/03 v1.5 Providing info/warning/error messages (HO)
)
Package pdftexcmds Info: \pdf@primitive is available.
Package pdftexcmds Info: \pdf@ifprimitive is available.
Package pdftexcmds Info: \pdfdraftmode found.
)
(/usr/share/texlive/texmf-dist/tex/generic/kvsetkeys/kvsetkeys.sty
Package: kvsetkeys 2019/12/15 v1.18 Key value parser (HO)
)
(/usr/share/texlive/texmf-dist/tex/generic/kvdefinekeys/kvdefinekeys.sty
Package: kvdefinekeys 2019-12-19 v1.6 Define keys (HO)
)
(/usr/share/texlive/texmf-dist/tex/generic/pdfescape/pdfescape.sty
Package: pdfescape 2019/12/09 v1.15 Implements pdfTeX's escape features (HO)
)
(/usr/share/texlive/texmf-dist/tex/latex/hycolor/hycolor.sty
Package: hycolor 2020-01-27 v1.10 Color options for hyperref/bookmark (HO)
)
(/usr/share/texlive/texmf-dist/tex/latex/letltxmacro/letltxmacro.sty
Package: letltxmacro 2019/12/03 v1.6 Let assignment for LaTeX macros (HO)
)
(/usr/share/texlive/texmf-dist/tex/latex/auxhook/auxhook.sty
Package: auxhook 2019-12-17 v1.6 Hooks for auxiliary files (HO)
)
(/usr/share/texlive/texmf-dist/tex/latex/kvoptions/kvoptions.sty
Package: kvoptions 2020-10-07 v3.14 Key value format for package options (HO)
)
\@linkdim=\dimen172
\Hy@linkcounter=\count280
\Hy@pagecounter=\count281

(/usr/share/texlive/texmf-dist/tex/latex/hyperref/pd1enc.def
File: pd1enc.def 2021-06-07 v7.00m Hyperref: PDFDocEncoding definition (HO)
Now handling font encoding PD1 ...
... no UTF-8 mapping file for font encoding PD1
)
(/usr/share/texlive/texmf-dist/tex/latex/hyperref/hyperref-langpatches.def
File: hyperref-langpatches.def 2021-06-07 v7.00m Hyperref: patches for babel la
nguages
)
(/usr/share/texlive/texmf-dist/tex/generic/intcalc/intcalc.sty
Package: intcalc 2019/12/15 v1.3 Expandable calculations with integers (HO)
)
(/usr/share/texlive/texmf-dist/tex/generic/etexcmds/etexcmds.sty
Package: etexcmds 2019/12/15 v1.7 Avoid name clashes with e-TeX commands (HO)
)
\Hy@SavedSpaceFactor=\count282

(/usr/share/texlive/texmf-dist/tex/latex/hyperref/puenc.def
File: puenc.def 2021-06-07 v7.00m Hyperref: PDF Unicode definition (HO)
Now handling font encoding PU ...
... no UTF-8 mapping file for font encoding PU
)
Package hyperref Info: Hyper figures OFF on input line 4192.
Package hyperref Info: Link nesting OFF on input line 4197.
Package hyperref Info: Hyper index ON on input line 4200.
Package hyperref Info: Plain pages OFF on input line 4207.
Package hyperref Info: Backreferencing OFF on input line 4212.
Package hyperref Info: Implicit mode ON; LaTeX internals redefined.
Package hyperref Info: Bookmarks ON on input line 4445.
\c@Hy@tempcnt=\count283

(/usr/share/texlive/texmf-dist/tex/latex/url/url.sty
\Urlmuskip=\muskip17
Package: url 2013/09/16  ver 3.4  Verb mode for urls, etc.
)
LaTeX Info: Redefining \url on input line 4804.
\XeTeXLinkMargin=\dimen173

(/usr/share/texlive/texmf-dist/tex/generic/bitset/bitset.sty
Package: bitset 2019/12/09 v1.3 Handle bit-vector datatype (HO)

(/usr/share/texlive/texmf-dist/tex/generic/bigintcalc/bigintcalc.sty
Package: bigintcalc 2019/12/15 v1.5 Expandable calculations on big integers (HO
)
))
\Fld@menulength=\count284
\Field@Width=\dimen174
\Fld@charsize=\dimen175
Package hyperref Info: Hyper figures OFF on input line 6076.
Package hyperref Info: Link nesting OFF on input line 6081.
Package hyperref Info: Hyper index ON on input line 6084.
Package hyperref Info: backreferencing OFF on input line 6091.
Package hyperref Info: Link coloring OFF on input line 6096.
Package hyperref Info: Link coloring with OCG OFF on input line 6101.
Package hyperref Info: PDF/A mode OFF on input line 6106.
LaTeX Info: Redefining \ref on input line 6146.
LaTeX Info: Redefining \pageref on input line 6150.

(/usr/share/texlive/texmf-dist/tex/latex/base/atbegshi-ltx.sty
Package: atbegshi-ltx 2021/01/10 v1.0c Emulation of the original atbegshi
package with kernel methods
)
\Hy@abspage=\count285
\c@Item=\count286
\c@Hfootnote=\count287
)
Package hyperref Info: Driver (autodetected): hpdftex.

(/usr/share/texlive/texmf-dist/tex/latex/hyperref/hpdftex.def
File: hpdftex.def 2021-06-07 v7.00m Hyperref driver for pdfTeX

(/usr/share/texlive/texmf-dist/tex/latex/base/atveryend-ltx.sty
Package: atveryend-ltx 2020/08/19 v1.0a Emulation of the original atveryend pac
kage
with kernel methods
)
\Fld@listcount=\count288
\c@bookmark@seq@number=\count289

(/usr/share/texlive/texmf-dist/tex/latex/rerunfilecheck/rerunfilecheck.sty
Package: rerunfilecheck 2019/12/05 v1.9 Rerun checks for auxiliary files (HO)

(/usr/share/texlive/texmf-dist/tex/generic/uniquecounter/uniquecounter.sty
Package: uniquecounter 2019/12/15 v1.4 Provide unlimited unique counter (HO)
)
Package uniquecounter Info: New unique counter `rerunfilecheck' on input line 2
86.
)
\Hy@SectionHShift=\skip52
)
(/usr/share/texlive/texmf-dist/tex/latex/cite/cite.sty
LaTeX Info: Redefining \cite on input line 302.
LaTeX Info: Redefining \nocite on input line 332.
Package: cite 2015/02/27  v 5.5
)
(/usr/share/texlive/texmf-dist/tex/latex/xcolor/xcolor.sty
Package: xcolor 2021/10/31 v2.13 LaTeX color extensions (UK)

(/usr/share/texlive/texmf-dist/tex/latex/graphics-cfg/color.cfg
File: color.cfg 2016/01/02 v1.6 sample color configuration
)
Package xcolor Info: Driver file: pdftex.def on input line 227.
Package xcolor Info: Model `cmy' substituted by `cmy0' on input line 1352.
Package xcolor Info: Model `hsb' substituted by `rgb' on input line 1356.
Package xcolor Info: Model `RGB' extended on input line 1368.
Package xcolor Info: Model `HTML' substituted by `rgb' on input line 1370.
Package xcolor Info: Model `Hsb' substituted by `hsb' on input line 1371.
Package xcolor Info: Model `tHsb' substituted by `hsb' on input line 1372.
Package xcolor Info: Model `HSB' substituted by `hsb' on input line 1373.
Package xcolor Info: Model `Gray' substituted by `gray' on input line 1374.
Package xcolor Info: Model `wave' substituted by `hsb' on input line 1375.
)
Package hyperref Info: Option `colorlinks' set `true' on input line 21.

(/usr/share/texlive/texmf-dist/tex/latex/l3backend/l3backend-pdftex.def
File: l3backend-pdftex.def 2022-01-12 L3 backend support: PDF output (pdfTeX)
\l__color_backend_stack_int=\count290
\l__pdf_internal_box=\box52
)
No file artigo.aux.
\openout1 = `artigo.aux'.

LaTeX Font Info:    Checking defaults for OML/cmm/m/it on input line 40.
LaTeX Font Info:    ... okay on input line 40.
LaTeX Font Info:    Checking defaults for OMS/cmsy/m/n on input line 40.
LaTeX Font Info:    ... okay on input line 40.
LaTeX Font Info:    Checking defaults for OT1/cmr/m/n on input line 40.
LaTeX Font Info:    ... okay on input line 40.
LaTeX Font Info:    Checking defaults for T1/cmr/m/n on input line 40.
LaTeX Font Info:    ... okay on input line 40.
LaTeX Font Info:    Checking defaults for TS1/cmr/m/n on input line 40.
LaTeX Font Info:    ... okay on input line 40.
LaTeX Font Info:    Checking defaults for OMX/cmex/m/n on input line 40.
LaTeX Font Info:    ... okay on input line 40.
LaTeX Font Info:    Checking defaults for U/cmr/m/n on input line 40.
LaTeX Font Info:    ... okay on input line 40.
LaTeX Font Info:    Checking defaults for PD1/pdf/m/n on input line 40.
LaTeX Font Info:    ... okay on input line 40.
LaTeX Font Info:    Checking defaults for PU/pdf/m/n on input line 40.
LaTeX Font Info:    ... okay on input line 40.
*geometry* driver: auto-detecting
*geometry* detected driver: pdftex
*geometry* verbose mode - [ preamble ] result:
* driver: pdftex
* paper: a4paper
* layout: <same size as paper>
* layoutoffset:(h,v)=(0.0pt,0.0pt)
* modes: 
* h-part:(L,W,R)=(85.35826pt, 426.79135pt, 85.35826pt)
* v-part:(T,H,B)=(85.35826pt, 674.33032pt, 85.35826pt)
* \paperwidth=597.50787pt
* \paperheight=845.04684pt
* \textwidth=426.79135pt
* \textheight=674.33032pt
* \oddsidemargin=13.08827pt
* \evensidemargin=13.08827pt
* \topmargin=-23.91173pt
* \headheight=12.0pt
* \headsep=25.0pt
* \topskip=12.0pt
* \footskip=30.0pt
* \marginparwidth=35.0pt
* \marginparsep=10.0pt
* \columnsep=10.0pt
* \skip\footins=10.8pt plus 4.0pt minus 2.0pt
* \hoffset=0.0pt
* \voffset=0.0pt
* \mag=1000
* \@twocolumnfalse
* \@twosidefalse
* \@mparswitchfalse
* \@reversemarginfalse
* (1in=72.27pt=25.4mm, 1cm=28.453pt)

(/usr/share/texlive/texmf-dist/tex/context/base/mkii/supp-pdf.mkii
[Loading MPS to PDF converter (version 2006.09.02).]
\scratchcounter=\count291
\scratchdimen=\dimen176
\scratchbox=\box53
\nofMPsegments=\count292
\nofMParguments=\count293
\everyMPshowfont=\toks25
\MPscratchCnt=\count294
\MPscratchDim=\dimen177
\MPnumerator=\count295
\makeMPintoPDFobject=\count296
\everyMPtoPDFconversion=\toks26
) (/usr/share/texlive/texmf-dist/tex/latex/epstopdf-pkg/epstopdf-base.sty
Package: epstopdf-base 2020-01-24 v2.11 Base part for package epstopdf
Package epstopdf-base Info: Redefining graphics rule for `.eps' on input line 4
85.

(/usr/share/texlive/texmf-dist/tex/latex/latexconfig/epstopdf-sys.cfg
File: epstopdf-sys.cfg 2010/07/13 v1.3 Configuration of (r)epstopdf for TeX Liv
e
))
Package hyperref Info: Link coloring ON on input line 40.

(/usr/share/texlive/texmf-dist/tex/latex/hyperref/nameref.sty
Package: nameref 2021-04-02 v2.47 Cross-referencing by name of section

(/usr/share/texlive/texmf-dist/tex/latex/refcount/refcount.sty
Package: refcount 2019/12/15 v3.6 Data extraction from label references (HO)
)
(/usr/share/texlive/texmf-dist/tex/generic/gettitlestring/gettitlestring.sty
Package: gettitlestring 2019/12/15 v1.6 Cleanup title references (HO)
)
\c@section@level=\count297
)
LaTeX Info: Redefining \ref on input line 40.
LaTeX Info: Redefining \pageref on input line 40.
LaTeX Info: Redefining \nameref on input line 40.
\@outlinefile=\write3
\openout3 = `artigo.out'.


Overfull \hbox (15.54195pt too wide) in paragraph at lines 45--46
\T1/cmr/m/n/10.95 resfriamento evaporativo por meio do acionamento de uma mini-
bomba hidráulica.
 []


Overfull \hbox (6.12pt too wide) in paragraph at lines 45--46
\T1/cmr/m/n/10.95 da limpeza é guiado de forma inteligente pela comparação dife
rencial de potência
 []

[1

{/var/lib/texmf/fonts/map/pdftex/updmap/pdftex.map}]

LaTeX Warning: Citation `ember_brazil_2024' on page 2 undefined on input line 5
4.


LaTeX Warning: Citation `ember_eu_2026' on page 2 undefined on input line 54.


LaTeX Warning: Citation `ember_brazil_2024' on page 2 undefined on input line 5
4.


LaTeX Warning: Citation `ember_eu_2026' on page 2 undefined on input line 54.


Overfull \hbox (12.25504pt too wide) in paragraph at lines 54--55
\T1/cmr/m/n/12 combinadas ultrapassam um terço da eletricidade produzida no paí
s [\T1/cmr/bx/n/12 ?\T1/cmr/m/n/12 ]. Paralelamente,
 []


Overfull \hbox (6.87296pt too wide) in paragraph at lines 54--55
\T1/cmr/m/n/12 [\T1/cmr/bx/n/12 ?\T1/cmr/m/n/12 ]. Com o crescimento exponencia
l da capacidade instalada, torna-se crítico assegurar
 []


LaTeX Warning: Citation `qi2025' on page 2 undefined on input line 56.


LaTeX Warning: Citation `qi2025' on page 2 undefined on input line 56.


Overfull \hbox (24.62457pt too wide) in paragraph at lines 56--57
[]\T1/cmr/m/n/12 Apesar dos avanços tecnológicos nos materiais semicondutores, 
a eficiência operacional
 []


LaTeX Warning: Citation `geetha2024' on page 2 undefined on input line 58.


Overfull \hbox (17.31543pt too wide) in paragraph at lines 58--59
\T1/cmr/m/n/12 Celsius acrescido à superfície, a potência máxima de saída do pa
inel decresce linearmente
 []


Overfull \hbox (39.91652pt too wide) in paragraph at lines 60--61
\T1/cmr/m/n/12 demonstram alto potencial técnico e econômico. O presente artigo
 detalha o desenvolvimento
 []


LaTeX Warning: Citation `qi2025' on page 2 undefined on input line 68.


Overfull \hbox (7.51991pt too wide) in paragraph at lines 68--69
\T1/cmr/m/n/12 superfície do vidro para formar películas super-hidrofóbicas. Es
ses revestimentos
 []


LaTeX Warning: Citation `geetha2024' on page 2 undefined on input line 69.


Overfull \hbox (2.46437pt too wide) in paragraph at lines 69--70
\T1/cmr/m/n/12 que despendem energia para a remoção da poeira. Os robôs autônom
os utilizam
 []

[2]

LaTeX Warning: Citation `qi2025' on page 3 undefined on input line 74.


LaTeX Warning: Citation `cavalcante2016' on page 3 undefined on input line 78.


Overfull \hbox (6.35149pt too wide) in paragraph at lines 78--79
\T1/cmr/m/n/12 que pode impactar negativamente a sustentabilidade ecológica e e
conômica do projeto.
 []


LaTeX Warning: Citation `electronics_guide' on page 3 undefined on input line 8
6.


Overfull \hbox (6.41687pt too wide) in paragraph at lines 86--87
\T1/cmr/m/n/12 pinagem completa e o barramento do protótipo estão estruturados 
conforme detalhado
 []


Overfull \hbox (9.74483pt too wide) in paragraph at lines 88--89
[]\T1/cmr/bx/n/12 Aquisição de Potência Elétrica (Sensores INA219): \T1/cmr/m/n
/12 Dois módulos INA219
 []

[3]

LaTeX Warning: Citation `telemetrix_ref' on page 4 undefined on input line 98.


Overfull \hbox (12.79295pt too wide) in paragraph at lines 98--99
\T1/cmr/m/n/12 executa o sketch padrão \T1/cmr/m/it/12 Telemetrix4Arduino\T1/cm
r/m/n/12 , operando puramente como um dispositivo
 []


Overfull \hbox (16.00183pt too wide) in paragraph at lines 102--103
[]\T1/cmr/bx/n/12 Backend (FastAPI): \T1/cmr/m/n/12 Desenvolve o controle centr
alizado de eventos e automatiza
 []


Overfull \hbox (20.2156pt too wide) in paragraph at lines 102--103
\T1/cmr/m/n/12 chuvas no momento. Os logs de telemetria e eventos são exportado
s periodicamente
 []


Overfull \hbox (33.27399pt too wide) in paragraph at lines 103--104
[]\T1/cmr/bx/n/12 Frontend (Streamlit): \T1/cmr/m/n/12 Provê uma interface web 
simplificada para o monitoramento
 []

[4]
Overfull \hbox (16.49379pt too wide) in paragraph at lines 123--124
\T1/cmr/m/n/12 contrária (\T1/cmr/m/it/12 backward\T1/cmr/m/n/12 ) até pression
ar a chave fim de curso inicial (\T1/cmr/m/it/12 limit_home\T1/cmr/m/n/12 ). 
 []


Overfull \hbox (3.0363pt too wide) in paragraph at lines 128--128
[]\T1/cmr/bx/n/17.28 Resultados Preliminares e Metodologia de Ensaios 
 []


Overfull \hbox (1.74844pt too wide) in paragraph at lines 130--131
\T1/cmr/m/n/12 Esta seção descreve a validação inicial do software de controle 
e detalha a metodologia
 []


Overfull \hbox (1.89989pt too wide) in paragraph at lines 134--135
\T1/cmr/m/n/12 integradas à biblioteca FastAPI demonstraram latência inferior a
 15 ms para detecção
 []

[5]

LaTeX Warning: Reference `tab:ensaio_soiling' on page 6 undefined on input line
 149.


Overfull \hbox (303.79236pt too wide) in paragraph at lines 155--168
 [][] 
 []


Overfull \hbox (41.51982pt too wide) in paragraph at lines 170--170
[]\T1/cmr/bx/n/14.4 Ensaio de Arrefecimento e Ganho de Potência por Resfriament
o 
 []


Overfull \hbox (14.7268pt too wide) in paragraph at lines 172--173
\T1/cmr/m/n/12 resfriamento evaporativo será acionado. Será mapeada a curva de 
queda de temperatura
 []

[6]
Overfull \hbox (15.34673pt too wide) in paragraph at lines 176--177
\T1/cmr/m/n/12 O protótipo do ASCM projetado demonstrou-se viável sob o aspecto
 de desenvolvimento
 []


Overfull \hbox (1.54247pt too wide) in paragraph at lines 176--177
\T1/cmr/m/n/12 montagem inferior ao de soluções industriais. O uso do protocolo
 Telemetrix permitiu
 []


Overfull \hbox (4.13664pt too wide) in paragraph at lines 178--179
[]\T1/cmr/m/n/12 Os próximos passos deste trabalho consistem no término do acop
lamento mecânico
 []

LaTeX Font Info:    Trying to load font information for T1+cmtt on input line 1
85.
(/usr/share/texlive/texmf-dist/tex/latex/base/t1cmtt.fd
File: t1cmtt.fd 2019/12/16 v2.5j Standard LaTeX font definitions
)
Underfull \hbox (badness 10000) in paragraph at lines 183--186
[]\T1/cmr/m/n/12 EMBER. \T1/cmr/m/it/12 European Electricity Review 2026\T1/cmr
/m/n/12 . Disponível
 []


Underfull \hbox (badness 10000) in paragraph at lines 183--186
\T1/cmr/m/n/12 em: [][]$\T1/cmtt/m/n/12 https : / / ember-[]energy . org / late
st-[]insights /
 []


Underfull \hbox (badness 10000) in paragraph at lines 188--191
[]\T1/cmr/m/n/12 EMBER. \T1/cmr/m/it/12 Wind and solar generate over a third of
 Brazil's
 []


Underfull \hbox (badness 10000) in paragraph at lines 188--191
\T1/cmr/m/it/12 electricity for the first month on record\T1/cmr/m/n/12 . Dispo
nível
 []


Underfull \hbox (badness 10000) in paragraph at lines 188--191
\T1/cmr/m/n/12 em: [][]$\T1/cmtt/m/n/12 https : / / ember-[]energy . org / late
st-[]insights /
 []


Overfull \hbox (163.73427pt too wide) in paragraph at lines 188--191
\T1/cmtt/m/n/12 wind-[]and-[]solar-[]generate-[]over-[]a-[]third-[]of-[]brazils
-[]electricity-[]for-[]the-[]first-[]month-[]on-[]record/$[][]\T1/cmr/m/n/12 .
 []


Underfull \hbox (badness 2042) in paragraph at lines 193--196
[]\T1/cmr/m/n/12 GEETHA, A.; USHA, S.; SANTHAKUMAR, J.; PALANISAMY, R.;
 []

[7] [8] (./artigo.aux)

LaTeX Warning: There were undefined references.


LaTeX Warning: Label(s) may have changed. Rerun to get cross-references right.


Package rerunfilecheck Warning: File `artigo.out' has changed.
(rerunfilecheck)                Rerun to get outlines right
(rerunfilecheck)                or use package `bookmark'.

Package rerunfilecheck Info: Checksums for `artigo.out':
(rerunfilecheck)             Before: <no file>
(rerunfilecheck)             After:  B54C1B8F24827ADFA80BE23A2FC8D8EF;4019.
 ) 
Here is how much of TeX's memory you used:
 11145 strings out of 480247
 172903 string characters out of 5896151
 488976 words of memory out of 5000000
 28907 multiletter control sequences out of 15000+600000
 484487 words of font info for 60 fonts, out of 8000000 for 9000
 14 hyphenation exceptions out of 8191
 60i,10n,63p,1267b,470s stack positions out of 5000i,500n,10000p,200000b,80000s
 </home/lucasekroth/.texlive2021/texmf-var/fonts/pk/ljfour/jknappen/ec/ectt12
00.600pk> </home/lucasekroth/.texlive2021/texmf-var/fonts/pk/ljfour/jknappen/ec
/ecbi1440.600pk> </home/lucasekroth/.texlive2021/texmf-var/fonts/pk/ljfour/jkna
ppen/ec/tcrm1200.600pk> </home/lucasekroth/.texlive2021/texmf-var/fonts/pk/ljfo
ur/jknappen/ec/ecbx1440.600pk> </home/lucasekroth/.texlive2021/texmf-var/fonts/
pk/ljfour/jknappen/ec/ecti1200.600pk> </home/lucasekroth/.texlive2021/texmf-var
/fonts/pk/ljfour/jknappen/ec/ecbx1728.600pk> </home/lucasekroth/.texlive2021/te
xmf-var/fonts/pk/ljfour/jknappen/ec/ecrm1200.600pk> </home/lucasekroth/.texlive
2021/texmf-var/fonts/pk/ljfour/jknappen/ec/ecbx1200.600pk> </home/lucasekroth/.
texlive2021/texmf-var/fonts/pk/ljfour/jknappen/ec/ecti1095.600pk> </home/lucase
kroth/.texlive2021/texmf-var/fonts/pk/ljfour/jknappen/ec/ecbx1095.600pk> </home
/lucasekroth/.texlive2021/texmf-var/fonts/pk/ljfour/jknappen/ec/ecrm1095.600pk>
 </home/lucasekroth/.texlive2021/texmf-var/fonts/pk/ljfour/jknappen/ec/ecrm1440
.600pk> </home/lucasekroth/.texlive2021/texmf-var/fonts/pk/ljfour/jknappen/ec/e
cbx2074.600pk></usr/share/texlive/texmf-dist/fonts/type1/public/amsfonts/cm/cme
x10.pfb></usr/share/texlive/texmf-dist/fonts/type1/public/amsfonts/cm/cmmi12.pf
b></usr/share/texlive/texmf-dist/fonts/type1/public/amsfonts/cm/cmmi8.pfb></usr
/share/texlive/texmf-dist/fonts/type1/public/amsfonts/cm/cmr12.pfb></usr/share/
texlive/texmf-dist/fonts/type1/public/amsfonts/cm/cmr8.pfb></usr/share/texlive/
texmf-dist/fonts/type1/public/amsfonts/cm/cmsy10.pfb></usr/share/texlive/texmf-
dist/fonts/type1/public/amsfonts/cm/cmsy8.pfb>
Output written on artigo.pdf (8 pages, 237454 bytes).
PDF statistics:
 652 PDF objects out of 1000 (max. 8388607)
 156 compressed objects within 2 object streams
 44 named destinations out of 1000 (max. 500000)
 1 words of extra memory for PDF output out of 10000 (max. 10000000)

